// Jest Snapshot v1, https://goo.gl/fbAQLP

exports[`renders the component 1`] = `
<div
  className="container"
>
  <h1
    className="Heading"
  >
    TIMER APPLICATION
  </h1>
  <Timer />
</div>
`;
